Invalid Command Exception: MOVE is not a valid arguement

Invalid Command Exception: PREFECT is not a valid arguement

Item Not Found Exception: There does not exist an nth element in the BST.

Node Not Found Exception: BST does not contain element 10

Invalid Command Exception: RESIDUES is not a valid arguement

NULL Argument Exception: No median value for a tree of zero size.

